******************************************************************************
             TMS320C2000 Linker PC v20.2.2                     
******************************************************************************
>> Linked Sat Mar  1 18:17:40 2025

OUTPUT FILE NAME:   <D:/code/myprj/28377d/TMS320F28377D-UCOS3-CPU1/output/TMS320F28377D-CPU1.out>
ENTRY POINT SYMBOL: "_c_int00"  address: 0008491d


MEMORY CONFIGURATION

         name            origin    length      used     unused   attr    fill
----------------------  --------  ---------  --------  --------  ----  --------
PAGE 0:
  RAMM0                 00000122   000002de  00000000  000002de  RWIX
  RAMLS0                00008000   00000800  0000004c  000007b4  RWIX
  RAMLS1                00008800   00000400  00000000  00000400  RWIX
  RAMLS2                00008c00   00000400  00000000  00000400  RWIX
  RAML3                 00009000   00001000  00000000  00001000  RWIX
  RAML4L                0000a000   00000800  00000000  00000800  RWIX
  RAMD0                 0000b000   00000800  00000000  00000800  RWIX
  RAMGS14               0001a000   00001000  00000000  00001000  RWIX
  RAMGS15               0001b000   00001000  00000000  00001000  RWIX
  BEGIN                 00080000   00000002  00000002  00000000  RWIX
  FLASHA                00080002   00001ffe  00000000  00001ffe  RWIX
  FLASHB                00082000   00002000  00001ffc  00000004  RWIX
  FLASHC                00084000   00002000  00000aad  00001553  RWIX
  FLASHD                00086000   00002000  0000004c  00001fb4  RWIX
  FLASHE                00088000   00008000  00000000  00008000  RWIX
  FLASHF                00090000   00008000  0000021d  00007de3  RWIX
  FLASHG                00098000   00008000  00000000  00008000  RWIX
  FLASHH                000a0000   00008000  00000000  00008000  RWIX
  FLASHI                000a8000   00008000  00000000  00008000  RWIX
  FLASHJ                000b0000   00008000  00000000  00008000  RWIX
  FLASHK                000b8000   00002000  00000000  00002000  RWIX
  FLASHL                000ba000   00002000  00000000  00002000  RWIX
  FLASHM                000bc000   00002000  00000000  00002000  RWIX
  FLASHN                000be000   00002000  00000000  00002000  RWIX
  RESET                 003fffc0   00000002  00000000  00000002  RWIX

PAGE 1:
  BOOT_RSVD             00000002   00000120  00000000  00000120  RWIX
  RAMM1                 00000400   00000400  00000200  00000200  RWIX
  ADCA_RESULT           00000b00   00000020  00000018  00000008  RWIX
  ADCB_RESULT           00000b20   00000020  00000018  00000008  RWIX
  ADCC_RESULT           00000b40   00000020  00000018  00000008  RWIX
  ADCD_RESULT           00000b60   00000020  00000018  00000008  RWIX
  CPU_TIMER0            00000c00   00000008  00000008  00000000  RWIX
  CPU_TIMER1            00000c08   00000008  00000008  00000000  RWIX
  CPU_TIMER2            00000c10   00000008  00000008  00000000  RWIX
  PIE_CTRL              00000ce0   00000020  0000001a  00000006  RWIX
  PIE_VECT              00000d00   00000200  000001c0  00000040  RWIX
  DMA                   00001000   00000200  000000e0  00000120  RWIX
  CLA1                  00001400   00000040  0000003e  00000002  RWIX
  CLA1_MSGRAMLOW        00001480   00000080  00000000  00000080  RWIX
  CLA1_MSGRAMHIGH       00001500   00000080  00000000  00000080  RWIX
  EPWM1                 00004000   00000100  00000100  00000000  RWIX
  EPWM2                 00004100   00000100  00000100  00000000  RWIX
  EPWM3                 00004200   00000100  00000100  00000000  RWIX
  EPWM4                 00004300   00000100  00000100  00000000  RWIX
  EPWM5                 00004400   00000100  00000100  00000000  RWIX
  EPWM6                 00004500   00000100  00000100  00000000  RWIX
  EPWM7                 00004600   00000100  00000100  00000000  RWIX
  EPWM8                 00004700   00000100  00000100  00000000  RWIX
  EPWM9                 00004800   00000100  00000100  00000000  RWIX
  EPWM10                00004900   00000100  00000100  00000000  RWIX
  EPWM11                00004a00   00000100  00000100  00000000  RWIX
  EPWM12                00004b00   00000100  00000100  00000000  RWIX
  ECAP1                 00005000   00000020  00000020  00000000  RWIX
  ECAP2                 00005020   00000020  00000020  00000000  RWIX
  ECAP3                 00005040   00000020  00000020  00000000  RWIX
  ECAP4                 00005060   00000020  00000020  00000000  RWIX
  ECAP5                 00005080   00000020  00000020  00000000  RWIX
  ECAP6                 000050a0   00000020  00000020  00000000  RWIX
  EQEP1                 00005100   00000040  00000022  0000001e  RWIX
  EQEP2                 00005140   00000040  00000022  0000001e  RWIX
  EQEP3                 00005180   00000040  00000022  0000001e  RWIX
  DACA                  00005c00   00000010  00000008  00000008  RWIX
  DACB                  00005c10   00000010  00000008  00000008  RWIX
  DACC                  00005c20   00000010  00000008  00000008  RWIX
  CMPSS1                00005c80   00000020  00000020  00000000  RWIX
  CMPSS2                00005ca0   00000020  00000020  00000000  RWIX
  CMPSS3                00005cc0   00000020  00000020  00000000  RWIX
  CMPSS4                00005ce0   00000020  00000020  00000000  RWIX
  CMPSS5                00005d00   00000020  00000020  00000000  RWIX
  CMPSS6                00005d20   00000020  00000020  00000000  RWIX
  CMPSS7                00005d40   00000020  00000020  00000000  RWIX
  CMPSS8                00005d60   00000020  00000020  00000000  RWIX
  SDFM1                 00005e00   00000080  00000080  00000000  RWIX
  SDFM2                 00005e80   00000080  00000080  00000000  RWIX
  MCBSPA                00006000   00000040  00000024  0000001c  RWIX
  MCBSPB                00006040   00000040  00000024  0000001c  RWIX
  SPIA                  00006100   00000010  00000010  00000000  RWIX
  SPIB                  00006110   00000010  00000010  00000000  RWIX
  SPIC                  00006120   00000010  00000010  00000000  RWIX
  SPID                  00006130   00000010  00000000  00000010  RWIX
  UPP                   00006200   00000100  00000048  000000b8  RWIX
  WD                    00007000   00000040  0000002b  00000015  RWIX
  NMIINTRUPT            00007060   00000010  00000007  00000009  RWIX
  XINT                  00007070   00000010  0000000b  00000005  RWIX
  SCIA                  00007200   00000010  00000010  00000000  RWIX
  SCIB                  00007210   00000010  00000010  00000000  RWIX
  SCIC                  00007220   00000010  00000010  00000000  RWIX
  SCID                  00007230   00000010  00000010  00000000  RWIX
  I2CA                  00007300   00000040  00000022  0000001e  RWIX
  I2CB                  00007340   00000040  00000022  0000001e  RWIX
  ADCA                  00007400   00000080  00000080  00000000  RWIX
  ADCB                  00007480   00000080  00000080  00000000  RWIX
  ADCC                  00007500   00000080  00000080  00000000  RWIX
  ADCD                  00007580   00000080  00000080  00000000  RWIX
  INPUT_XBAR            00007900   00000020  00000020  00000000  RWIX
  XBAR                  00007920   00000020  00000020  00000000  RWIX
  SYNC_SOC              00007940   00000010  00000006  0000000a  RWIX
  DMACLASRCSEL          00007980   00000040  0000001a  00000026  RWIX
  EPWM_XBAR             00007a00   00000040  00000040  00000000  RWIX
  CLB_XBAR              00007a40   00000040  00000000  00000040  RWIX
  OUTPUT_XBAR           00007a80   00000040  00000040  00000000  RWIX
  GPIOCTRL              00007c00   00000180  00000180  00000000  RWIX
  GPIODAT               00007f00   00000030  00000030  00000000  RWIX
  CLARAM0               0000a000   00000800  000004a0  00000360  RWIX
  TASK_STK_RAM          0000a800   00001000  00000000  00001000  RWIX
  APPDATARAM            0000b810   00009999  000005b0  000093e9  RWIX
  CPU2TOCPU1RAM         0003f800   00000400  00000000  00000400  RWIX
  CPU1TOCPU2RAM         0003fc00   00000400  00000000  00000400  RWIX
  EMIF1                 00047000   00000800  00000070  00000790  RWIX
  EMIF2                 00047800   00000800  00000070  00000790  RWIX
  CANA                  00048000   00000800  00000000  00000800  RWIX
  CANB                  0004a000   00000800  00000000  00000800  RWIX
  IPC                   00050000   00000024  00000024  00000000  RWIX
  FLASHPUMPSEMAPHORE    00050024   00000002  00000002  00000000  RWIX
  DEV_CFG               0005d000   00000180  0000012e  00000052  RWIX
  ANALOG_SUBSYS         0005d180   00000080  00000048  00000038  RWIX
  CLK_CFG               0005d200   00000100  00000032  000000ce  RWIX
  CPU_SYS               0005d300   00000100  00000082  0000007e  RWIX
  ROMPREFETCH           0005e608   00000002  00000002  00000000  RWIX
  DCSM_Z1               0005f000   00000030  00000024  0000000c  RWIX
  DCSM_Z2               0005f040   00000030  00000024  0000000c  RWIX
  DCSM_COMMON           0005f070   00000010  00000008  00000008  RWIX
  MEMCFG                0005f400   00000080  00000080  00000000  RWIX
  EMIF1CONFIG           0005f480   00000020  00000020  00000000  RWIX
  EMIF2CONFIG           0005f4a0   00000020  00000020  00000000  RWIX
  ACCESSPROTECTION      0005f4c0   00000040  00000040  00000000  RWIX
  MEMORYERROR           0005f500   00000040  00000040  00000000  RWIX
  ROMWAITSTATE          0005f540   00000002  00000002  00000000  RWIX
  FLASH0_CTRL           0005f800   00000300  00000182  0000017e  RWIX
  FLASH0_ECC            0005fb00   00000040  00000028  00000018  RWIX
  DCSM_Z1_OTP           00078000   00000020  00000020  00000000  RWIX
  DCSM_Z2_OTP           00078200   00000020  00000020  00000000  RWIX


SECTION ALLOCATION MAP

 output                                  attributes/
section   page    origin      length       input sections
--------  ----  ----------  ----------   ----------------
.cinit     0    00082000    0000002e     
                  00082000    00000014     app.obj (.cinit)
                  00082014    0000000e     rts2800_fpu32.lib : exit.c.obj (.cinit)
                  00082022    00000005                       : _lock.c.obj (.cinit:__lock)
                  00082027    00000005                       : _lock.c.obj (.cinit:__unlock)
                  0008202c    00000002     --HOLE-- [fill = 0]

.pinit     0    00082000    00000000     UNINITIALIZED

codestart 
*          0    00080000    00000002     
                  00080000    00000002     F2837xD_CodeStartBranch.obj (codestart)

.stack     1    00000400    00000200     UNINITIALIZED
                  00000400    00000200     --HOLE--

.ebss      1    0000b810    000005b0     UNINITIALIZED
                  0000b810    00000018     F2837xD_CpuTimers.obj (.ebss)
                  0000b828    0000000c     lib_mem.obj (.ebss)
                  0000b834    00000008     app.obj (.ebss)
                  0000b83c    00000004     os_var.obj (.ebss:_OSPrioTbl)
                  0000b840    000001d6     os_var.obj (.ebss)
                  0000ba16    00000006     rts2800_fpu32.lib : exit.c.obj (.ebss)
                  0000ba1c    00000002                       : _lock.c.obj (.ebss:__lock)
                  0000ba1e    00000002                       : _lock.c.obj (.ebss:__unlock)
                  0000ba20    00000002     lib_math.obj (.ebss)
                  0000ba22    0000001e     --HOLE--
                  0000ba40    00000100     os_var.obj (.ebss:_OSRdyList)
                  0000bb40    000000c0     os_cfg_app.obj (.ebss:_OSCfg_MsgPool)
                  0000bc00    00000080     os_cfg_app.obj (.ebss:_OSCfg_ISRStk)
                  0000bc80    00000080     os_cfg_app.obj (.ebss:_OSCfg_TmrTaskStk)
                  0000bd00    00000064     os_cfg_app.obj (.ebss:_OSCfg_StatTaskStk)
                  0000bd64    0000001c     --HOLE--
                  0000bd80    00000040     os_cfg_app.obj (.ebss:_OSCfg_IdleTaskStk)

.reset     0    003fffc0    00000002     DSECT
                  003fffc0    00000002     rts2800_fpu32.lib : boot28.asm.obj (.reset)

ramfuncs   0    00086000    0000004c     RUN ADDR = 00008000
                  00086000    00000048     F2837xD_SysCtrl.obj (ramfuncs)
                  00086048    00000004     F2837xD_usDelay.obj (ramfuncs)

GETBUFFER 
*          0    0003f800    00000000     DSECT

GETWRITEIDX 
*          0    0003f800    00000000     DSECT

PUTREADIDX 
*          0    0003f800    00000000     DSECT

Cla1Prog   0    00009000    00000000     UNINITIALIZED

AdcaResultFile 
*          1    00000b00    00000018     UNINITIALIZED
                  00000b00    00000018     F2837xD_GlobalVariableDefs.obj (AdcaResultFile)

AdcbResultFile 
*          1    00000b20    00000018     UNINITIALIZED
                  00000b20    00000018     F2837xD_GlobalVariableDefs.obj (AdcbResultFile)

AdccResultFile 
*          1    00000b40    00000018     UNINITIALIZED
                  00000b40    00000018     F2837xD_GlobalVariableDefs.obj (AdccResultFile)

AdcdResultFile 
*          1    00000b60    00000018     UNINITIALIZED
                  00000b60    00000018     F2837xD_GlobalVariableDefs.obj (AdcdResultFile)

CpuTimer0RegsFile 
*          1    00000c00    00000008     UNINITIALIZED
                  00000c00    00000008     F2837xD_GlobalVariableDefs.obj (CpuTimer0RegsFile)

CpuTimer1RegsFile 
*          1    00000c08    00000008     UNINITIALIZED
                  00000c08    00000008     F2837xD_GlobalVariableDefs.obj (CpuTimer1RegsFile)

CpuTimer2RegsFile 
*          1    00000c10    00000008     UNINITIALIZED
                  00000c10    00000008     F2837xD_GlobalVariableDefs.obj (CpuTimer2RegsFile)

PieCtrlRegsFile 
*          1    00000ce0    0000001a     UNINITIALIZED
                  00000ce0    0000001a     F2837xD_GlobalVariableDefs.obj (PieCtrlRegsFile)

PieVectTableFile 
*          1    00000d00    000001c0     UNINITIALIZED
                  00000d00    000001c0     F2837xD_GlobalVariableDefs.obj (PieVectTableFile)

EmuKeyVar 
*          1    00000d00    00000001     UNINITIALIZED
                  00000d00    00000001     F2837xD_GlobalVariableDefs.obj (EmuKeyVar)

EmuBModeVar 
*          1    00000d01    00000001     UNINITIALIZED
                  00000d01    00000001     F2837xD_GlobalVariableDefs.obj (EmuBModeVar)

FlashCallbackVar 
*          1    00000d02    00000000     UNINITIALIZED

FlashScalingVar 
*          1    00000d02    00000000     UNINITIALIZED

DmaRegsFile 
*          1    00001000    000000e0     UNINITIALIZED
                  00001000    000000e0     F2837xD_GlobalVariableDefs.obj (DmaRegsFile)

EPwm1RegsFile 
*          1    00004000    00000100     UNINITIALIZED
                  00004000    00000100     F2837xD_GlobalVariableDefs.obj (EPwm1RegsFile)

EPwm2RegsFile 
*          1    00004100    00000100     UNINITIALIZED
                  00004100    00000100     F2837xD_GlobalVariableDefs.obj (EPwm2RegsFile)

EPwm3RegsFile 
*          1    00004200    00000100     UNINITIALIZED
                  00004200    00000100     F2837xD_GlobalVariableDefs.obj (EPwm3RegsFile)

EPwm4RegsFile 
*          1    00004300    00000100     UNINITIALIZED
                  00004300    00000100     F2837xD_GlobalVariableDefs.obj (EPwm4RegsFile)

EPwm5RegsFile 
*          1    00004400    00000100     UNINITIALIZED
                  00004400    00000100     F2837xD_GlobalVariableDefs.obj (EPwm5RegsFile)

EPwm6RegsFile 
*          1    00004500    00000100     UNINITIALIZED
                  00004500    00000100     F2837xD_GlobalVariableDefs.obj (EPwm6RegsFile)

EPwm7RegsFile 
*          1    00004600    00000100     UNINITIALIZED
                  00004600    00000100     F2837xD_GlobalVariableDefs.obj (EPwm7RegsFile)

EPwm8RegsFile 
*          1    00004700    00000100     UNINITIALIZED
                  00004700    00000100     F2837xD_GlobalVariableDefs.obj (EPwm8RegsFile)

EPwm9RegsFile 
*          1    00004800    00000100     UNINITIALIZED
                  00004800    00000100     F2837xD_GlobalVariableDefs.obj (EPwm9RegsFile)

EPwm10RegsFile 
*          1    00004900    00000100     UNINITIALIZED
                  00004900    00000100     F2837xD_GlobalVariableDefs.obj (EPwm10RegsFile)

EPwm11RegsFile 
*          1    00004a00    00000100     UNINITIALIZED
                  00004a00    00000100     F2837xD_GlobalVariableDefs.obj (EPwm11RegsFile)

EPwm12RegsFile 
*          1    00004b00    00000100     UNINITIALIZED
                  00004b00    00000100     F2837xD_GlobalVariableDefs.obj (EPwm12RegsFile)

ECap1RegsFile 
*          1    00005000    00000020     UNINITIALIZED
                  00005000    00000020     F2837xD_GlobalVariableDefs.obj (ECap1RegsFile)

ECap2RegsFile 
*          1    00005020    00000020     UNINITIALIZED
                  00005020    00000020     F2837xD_GlobalVariableDefs.obj (ECap2RegsFile)

ECap3RegsFile 
*          1    00005040    00000020     UNINITIALIZED
                  00005040    00000020     F2837xD_GlobalVariableDefs.obj (ECap3RegsFile)

ECap4RegsFile 
*          1    00005060    00000020     UNINITIALIZED
                  00005060    00000020     F2837xD_GlobalVariableDefs.obj (ECap4RegsFile)

ECap5RegsFile 
*          1    00005080    00000020     UNINITIALIZED
                  00005080    00000020     F2837xD_GlobalVariableDefs.obj (ECap5RegsFile)

ECap6RegsFile 
*          1    000050a0    00000020     UNINITIALIZED
                  000050a0    00000020     F2837xD_GlobalVariableDefs.obj (ECap6RegsFile)

EQep1RegsFile 
*          1    00005100    00000022     UNINITIALIZED
                  00005100    00000022     F2837xD_GlobalVariableDefs.obj (EQep1RegsFile)

EQep2RegsFile 
*          1    00005140    00000022     UNINITIALIZED
                  00005140    00000022     F2837xD_GlobalVariableDefs.obj (EQep2RegsFile)

EQep3RegsFile 
*          1    00005180    00000022     UNINITIALIZED
                  00005180    00000022     F2837xD_GlobalVariableDefs.obj (EQep3RegsFile)

DacaRegsFile 
*          1    00005c00    00000008     UNINITIALIZED
                  00005c00    00000008     F2837xD_GlobalVariableDefs.obj (DacaRegsFile)

DacbRegsFile 
*          1    00005c10    00000008     UNINITIALIZED
                  00005c10    00000008     F2837xD_GlobalVariableDefs.obj (DacbRegsFile)

DaccRegsFile 
*          1    00005c20    00000008     UNINITIALIZED
                  00005c20    00000008     F2837xD_GlobalVariableDefs.obj (DaccRegsFile)

Sdfm1RegsFile 
*          1    00005e00    00000080     UNINITIALIZED
                  00005e00    00000080     F2837xD_GlobalVariableDefs.obj (Sdfm1RegsFile)

Sdfm2RegsFile 
*          1    00005e80    00000080     UNINITIALIZED
                  00005e80    00000080     F2837xD_GlobalVariableDefs.obj (Sdfm2RegsFile)

McbspaRegsFile 
*          1    00006000    00000024     UNINITIALIZED
                  00006000    00000024     F2837xD_GlobalVariableDefs.obj (McbspaRegsFile)

McbspbRegsFile 
*          1    00006040    00000024     UNINITIALIZED
                  00006040    00000024     F2837xD_GlobalVariableDefs.obj (McbspbRegsFile)

SpiaRegsFile 
*          1    00006100    00000010     UNINITIALIZED
                  00006100    00000010     F2837xD_GlobalVariableDefs.obj (SpiaRegsFile)

SpibRegsFile 
*          1    00006110    00000010     UNINITIALIZED
                  00006110    00000010     F2837xD_GlobalVariableDefs.obj (SpibRegsFile)

SpicRegsFile 
*          1    00006120    00000010     UNINITIALIZED
                  00006120    00000010     F2837xD_GlobalVariableDefs.obj (SpicRegsFile)

UppRegsFile 
*          1    00006200    00000048     UNINITIALIZED
                  00006200    00000048     F2837xD_GlobalVariableDefs.obj (UppRegsFile)

WdRegsFile 
*          1    00007000    0000002b     UNINITIALIZED
                  00007000    0000002b     F2837xD_GlobalVariableDefs.obj (WdRegsFile)

NmiIntruptRegsFile 
*          1    00007060    00000007     UNINITIALIZED
                  00007060    00000007     F2837xD_GlobalVariableDefs.obj (NmiIntruptRegsFile)

XintRegsFile 
*          1    00007070    0000000b     UNINITIALIZED
                  00007070    0000000b     F2837xD_GlobalVariableDefs.obj (XintRegsFile)

SciaRegsFile 
*          1    00007200    00000010     UNINITIALIZED
                  00007200    00000010     F2837xD_GlobalVariableDefs.obj (SciaRegsFile)

ScibRegsFile 
*          1    00007210    00000010     UNINITIALIZED
                  00007210    00000010     F2837xD_GlobalVariableDefs.obj (ScibRegsFile)

ScicRegsFile 
*          1    00007220    00000010     UNINITIALIZED
                  00007220    00000010     F2837xD_GlobalVariableDefs.obj (ScicRegsFile)

ScidRegsFile 
*          1    00007230    00000010     UNINITIALIZED
                  00007230    00000010     F2837xD_GlobalVariableDefs.obj (ScidRegsFile)

I2caRegsFile 
*          1    00007300    00000022     UNINITIALIZED
                  00007300    00000022     F2837xD_GlobalVariableDefs.obj (I2caRegsFile)

I2cbRegsFile 
*          1    00007340    00000022     UNINITIALIZED
                  00007340    00000022     F2837xD_GlobalVariableDefs.obj (I2cbRegsFile)

AdcaRegsFile 
*          1    00007400    00000080     UNINITIALIZED
                  00007400    00000080     F2837xD_GlobalVariableDefs.obj (AdcaRegsFile)

AdcbRegsFile 
*          1    00007480    00000080     UNINITIALIZED
                  00007480    00000080     F2837xD_GlobalVariableDefs.obj (AdcbRegsFile)

AdccRegsFile 
*          1    00007500    00000080     UNINITIALIZED
                  00007500    00000080     F2837xD_GlobalVariableDefs.obj (AdccRegsFile)

AdcdRegsFile 
*          1    00007580    00000080     UNINITIALIZED
                  00007580    00000080     F2837xD_GlobalVariableDefs.obj (AdcdRegsFile)

CLAscratch 
*          1    0000a000    00000100     UNINITIALIZED
                  0000a000    00000100     --HOLE--

AnalogSubsysRegsFile 
*          1    0005d180    00000048     UNINITIALIZED
                  0005d180    00000048     F2837xD_GlobalVariableDefs.obj (AnalogSubsysRegsFile)

Cla1RegsFile 
*          1    00001400    0000003e     UNINITIALIZED
                  00001400    0000003e     F2837xD_GlobalVariableDefs.obj (Cla1RegsFile)

Cla1SoftIntRegsFile 
*          1    00000ce0    00000004     DSECT
                  00000ce0    00000004     F2837xD_GlobalVariableDefs.obj (Cla1SoftIntRegsFile)

Cmpss1RegsFile 
*          1    00005c80    00000020     UNINITIALIZED
                  00005c80    00000020     F2837xD_GlobalVariableDefs.obj (Cmpss1RegsFile)

Cmpss2RegsFile 
*          1    00005ca0    00000020     UNINITIALIZED
                  00005ca0    00000020     F2837xD_GlobalVariableDefs.obj (Cmpss2RegsFile)

Cmpss3RegsFile 
*          1    00005cc0    00000020     UNINITIALIZED
                  00005cc0    00000020     F2837xD_GlobalVariableDefs.obj (Cmpss3RegsFile)

Cmpss4RegsFile 
*          1    00005ce0    00000020     UNINITIALIZED
                  00005ce0    00000020     F2837xD_GlobalVariableDefs.obj (Cmpss4RegsFile)

Cmpss5RegsFile 
*          1    00005d00    00000020     UNINITIALIZED
                  00005d00    00000020     F2837xD_GlobalVariableDefs.obj (Cmpss5RegsFile)

Cmpss6RegsFile 
*          1    00005d20    00000020     UNINITIALIZED
                  00005d20    00000020     F2837xD_GlobalVariableDefs.obj (Cmpss6RegsFile)

Cmpss7RegsFile 
*          1    00005d40    00000020     UNINITIALIZED
                  00005d40    00000020     F2837xD_GlobalVariableDefs.obj (Cmpss7RegsFile)

Cmpss8RegsFile 
*          1    00005d60    00000020     UNINITIALIZED
                  00005d60    00000020     F2837xD_GlobalVariableDefs.obj (Cmpss8RegsFile)

InputXbarRegsFile 
*          1    00007900    00000020     UNINITIALIZED
                  00007900    00000020     F2837xD_GlobalVariableDefs.obj (InputXbarRegsFile)

XbarRegsFile 
*          1    00007920    00000020     UNINITIALIZED
                  00007920    00000020     F2837xD_GlobalVariableDefs.obj (XbarRegsFile)

SyncSocRegsFile 
*          1    00007940    00000006     UNINITIALIZED
                  00007940    00000006     F2837xD_GlobalVariableDefs.obj (SyncSocRegsFile)

DmaClaSrcSelRegsFile 
*          1    00007980    0000001a     UNINITIALIZED
                  00007980    0000001a     F2837xD_GlobalVariableDefs.obj (DmaClaSrcSelRegsFile)

EPwmXbarRegsFile 
*          1    00007a00    00000040     UNINITIALIZED
                  00007a00    00000040     F2837xD_GlobalVariableDefs.obj (EPwmXbarRegsFile)

OutputXbarRegsFile 
*          1    00007a80    00000040     UNINITIALIZED
                  00007a80    00000040     F2837xD_GlobalVariableDefs.obj (OutputXbarRegsFile)

GpioCtrlRegsFile 
*          1    00007c00    00000180     UNINITIALIZED
                  00007c00    00000180     F2837xD_GlobalVariableDefs.obj (GpioCtrlRegsFile)

GpioDataRegsFile 
*          1    00007f00    00000030     UNINITIALIZED
                  00007f00    00000030     F2837xD_GlobalVariableDefs.obj (GpioDataRegsFile)

Emif1RegsFile 
*          1    00047000    00000070     UNINITIALIZED
                  00047000    00000070     F2837xD_GlobalVariableDefs.obj (Emif1RegsFile)

Emif2RegsFile 
*          1    00047800    00000070     UNINITIALIZED
                  00047800    00000070     F2837xD_GlobalVariableDefs.obj (Emif2RegsFile)

IpcRegsFile 
*          1    00050000    00000024     UNINITIALIZED
                  00050000    00000024     F2837xD_GlobalVariableDefs.obj (IpcRegsFile)

FlashPumpSemaphoreRegsFile 
*          1    00050024    00000002     UNINITIALIZED
                  00050024    00000002     F2837xD_GlobalVariableDefs.obj (FlashPumpSemaphoreRegsFile)

RomPrefetchRegsFile 
*          1    0005e608    00000002     UNINITIALIZED
                  0005e608    00000002     F2837xD_GlobalVariableDefs.obj (RomPrefetchRegsFile)

DcsmZ1RegsFile 
*          1    0005f000    00000024     UNINITIALIZED
                  0005f000    00000024     F2837xD_GlobalVariableDefs.obj (DcsmZ1RegsFile)

DcsmZ2RegsFile 
*          1    0005f040    00000024     UNINITIALIZED
                  0005f040    00000024     F2837xD_GlobalVariableDefs.obj (DcsmZ2RegsFile)

DcsmCommonRegsFile 
*          1    0005f070    00000008     UNINITIALIZED
                  0005f070    00000008     F2837xD_GlobalVariableDefs.obj (DcsmCommonRegsFile)

MemCfgRegsFile 
*          1    0005f400    00000080     UNINITIALIZED
                  0005f400    00000080     F2837xD_GlobalVariableDefs.obj (MemCfgRegsFile)

Emif1ConfigRegsFile 
*          1    0005f480    00000020     UNINITIALIZED
                  0005f480    00000020     F2837xD_GlobalVariableDefs.obj (Emif1ConfigRegsFile)

Emif2ConfigRegsFile 
*          1    0005f4a0    00000020     UNINITIALIZED
                  0005f4a0    00000020     F2837xD_GlobalVariableDefs.obj (Emif2ConfigRegsFile)

AccessProtectionRegsFile 
*          1    0005f4c0    00000040     UNINITIALIZED
                  0005f4c0    00000040     F2837xD_GlobalVariableDefs.obj (AccessProtectionRegsFile)

MemoryErrorRegsFile 
*          1    0005f500    00000040     UNINITIALIZED
                  0005f500    00000040     F2837xD_GlobalVariableDefs.obj (MemoryErrorRegsFile)

RomWaitStateRegsFile 
*          1    0005f540    00000002     UNINITIALIZED
                  0005f540    00000002     F2837xD_GlobalVariableDefs.obj (RomWaitStateRegsFile)

Flash0CtrlRegsFile 
*          1    0005f800    00000182     UNINITIALIZED
                  0005f800    00000182     F2837xD_GlobalVariableDefs.obj (Flash0CtrlRegsFile)

Flash0EccRegsFile 
*          1    0005fb00    00000028     UNINITIALIZED
                  0005fb00    00000028     F2837xD_GlobalVariableDefs.obj (Flash0EccRegsFile)

DcsmZ1OtpFile 
*          1    00078000    00000020     NOLOAD SECTION
                  00078000    00000020     F2837xD_GlobalVariableDefs.obj (DcsmZ1OtpFile)

DcsmZ2OtpFile 
*          1    00078200    00000020     NOLOAD SECTION
                  00078200    00000020     F2837xD_GlobalVariableDefs.obj (DcsmZ2OtpFile)

DevCfgRegsFile 
*          1    0005d000    0000012e     UNINITIALIZED
                  0005d000    0000012e     F2837xD_GlobalVariableDefs.obj (DevCfgRegsFile)

ClkCfgRegsFile 
*          1    0005d200    00000032     UNINITIALIZED
                  0005d200    00000032     F2837xD_GlobalVariableDefs.obj (ClkCfgRegsFile)

CpuSysRegsFile 
*          1    0005d300    00000082     UNINITIALIZED
                  0005d300    00000082     F2837xD_GlobalVariableDefs.obj (CpuSysRegsFile)

TASK_STK_RAM 
*          1    0000a100    000003a0     UNINITIALIZED
                  0000a100    000003a0     app.obj (TASK_STK_RAM)

.text.1    0    00082030    00001fce     
                  00082030    000007ff     os_task.obj (.text)
                  0008282f    0000057b     F2837xD_DefaultISR.obj (.text:retain)
                  00082daa    00000571     os_tmr.obj (.text)
                  0008331b    0000047f     os_core.obj (.text)
                  0008379a    00000325     os_mutex.obj (.text)
                  00083abf    0000030c     F2837xD_SysCtrl.obj (.text)
                  00083dcb    000001cd     F2837xD_Gpio.obj (.text)
                  00083f98    00000062     F2837xD_CpuTimers.obj (.text)
                  00083ffa    00000002     rts2800_fpu32.lib : pre_init.c.obj (.text)
                  00083ffc    00000001     os_cfg_app.obj (.text)
                  00083ffd    00000001     rts2800_fpu32.lib : startup.c.obj (.text)

.text.2    0    00084000    00000aad     
                  00084000    000001a4     os_tick.obj (.text)
                  000841a4    0000018d     os_stat.obj (.text)
                  00084331    00000171     os_time.obj (.text)
                  000844a2    0000015e     app.obj (.text)
                  00084600    000000c7     os_cpu_c.obj (.text)
                  000846c7    000000ba     os_mem.obj (.text)
                  00084781    0000009a     os_msg.obj (.text)
                  0008481b    00000093     os_cpu_a.obj (.text)
                  000848ae    0000006f     app.obj (.text:retain)
                  0008491d    00000056     rts2800_fpu32.lib : boot28.asm.obj (.text)
                  00084973    0000003c     os_prio.obj (.text)
                  000849af    00000029     rts2800_fpu32.lib : exit.c.obj (.text)
                  000849d8    00000028     F2837xD_PieCtrl.obj (.text)
                  00084a00    00000024     rts2800_fpu32.lib : cpy_tbl.c.obj (.text)
                  00084a24    0000001f     cpu_a.obj (.text)
                  00084a43    0000001d     rts2800_fpu32.lib : memcpy.c.obj (.text)
                  00084a60    00000018                       : ll_aox28.asm.obj (.text)
                  00084a78    00000012     F2837xD_PieVect.obj (.text)
                  00084a8a    00000012     rts2800_fpu32.lib : args_main.c.obj (.text)
                  00084a9c    00000009                       : _lock.c.obj (.text)
                  00084aa5    00000008     F2837xD_CodeStartBranch.obj (.text)

.econst    0    00090000    0000021d     
                  00090000    000001c0     F2837xD_PieVect.obj (.econst:_PieVectTableInit)
                  000901c0    00000030     os_cfg_app.obj (.econst)
                  000901f0    0000002a     app.obj (.econst:.string)
                  0009021a    00000002     cpu_core.obj (.econst)
                  0009021c    00000001     os_dbg.obj (.econst)

MODULE SUMMARY

       Module                           code    initialized data   uninitialized data
       ------                           ----    ----------------   ------------------
    .\applicatiom\
       app.obj                          461     62                 936               
    +--+--------------------------------+-------+------------------+--------------------+
       Total:                           461     62                 936               
                                                                                     
    .\drivers\source\
       F2837xD_GlobalVariableDefs.obj   0       0                  8047              
       F2837xD_DefaultISR.obj           1403    0                  0                 
       F2837xD_SysCtrl.obj              924     0                  0                 
       F2837xD_PieVect.obj              18      448                0                 
       F2837xD_Gpio.obj                 461     0                  0                 
       F2837xD_CpuTimers.obj            98      0                  24                
       F2837xD_PieCtrl.obj              40      0                  0                 
       F2837xD_CodeStartBranch.obj      10      0                  0                 
       F2837xD_usDelay.obj              8       0                  0                 
    +--+--------------------------------+-------+------------------+--------------------+
       Total:                           2962    448                8071              
                                                                                     
    .\ucos3\uC-CPU\
       cpu_a.obj                        31      0                  0                 
       cpu_core.obj                     0       2                  0                 
    +--+--------------------------------+-------+------------------+--------------------+
       Total:                           31      2                  0                 
                                                                                     
    .\ucos3\uC-LIB\
       lib_mem.obj                      0       0                  12                
       lib_math.obj                     0       0                  2                 
    +--+--------------------------------+-------+------------------+--------------------+
       Total:                           0       0                  14                
                                                                                     
    .\ucos3\uC-OS3\Ports\
       os_cpu_c.obj                     199     0                  0                 
       os_cpu_a.obj                     147     0                  0                 
    +--+--------------------------------+-------+------------------+--------------------+
       Total:                           346     0                  0                 
                                                                                     
    .\ucos3\uC-OS3\Source\
       os_task.obj                      2047    0                  0                 
       os_tmr.obj                       1393    0                  0                 
       os_core.obj                      1151    0                  0                 
       os_mutex.obj                     805     0                  0                 
       os_var.obj                       0       0                  730               
       os_cfg_app.obj                   1       48                 612               
       os_tick.obj                      420     0                  0                 
       os_stat.obj                      397     0                  0                 
       os_time.obj                      369     0                  0                 
       os_mem.obj                       186     0                  0                 
       os_msg.obj                       154     0                  0                 
       os_prio.obj                      60      0                  0                 
       os_dbg.obj                       0       1                  0                 
    +--+--------------------------------+-------+------------------+--------------------+
       Total:                           6983    49                 1342              
                                                                                     
    C:\ti\complier\ti-cgt-c2000_20.2.2.LTS\lib\rts2800_fpu32.lib
       boot28.asm.obj                   86      0                  0                 
       exit.c.obj                       41      14                 6                 
       cpy_tbl.c.obj                    36      0                  0                 
       memcpy.c.obj                     29      0                  0                 
       ll_aox28.asm.obj                 24      0                  0                 
       _lock.c.obj                      9       10                 4                 
       args_main.c.obj                  18      0                  0                 
       pre_init.c.obj                   2       0                  0                 
       startup.c.obj                    1       0                  0                 
    +--+--------------------------------+-------+------------------+--------------------+
       Total:                           246     24                 10                
                                                                                     
       Stack:                           0       0                  512               
    +--+--------------------------------+-------+------------------+--------------------+
       Grand Total:                     11029   585                10885             


GLOBAL DATA SYMBOLS: SORTED BY DATA PAGE

address     data page           name
--------    ----------------    ----
00000400      10 (00000400)     __stack

00000b00      2c (00000b00)     _AdcaResultRegs
00000b20      2c (00000b00)     _AdcbResultRegs

00000b40      2d (00000b40)     _AdccResultRegs
00000b60      2d (00000b40)     _AdcdResultRegs

00000c00      30 (00000c00)     _CpuTimer0Regs
00000c08      30 (00000c00)     _CpuTimer1Regs
00000c10      30 (00000c00)     _CpuTimer2Regs

00000ce0      33 (00000cc0)     _Cla1SoftIntRegs
00000ce0      33 (00000cc0)     _PieCtrlRegs

00000d00      34 (00000d00)     _EmuKey
00000d00      34 (00000d00)     _PieVectTable
00000d01      34 (00000d00)     _EmuBMode

00001000      40 (00001000)     _DmaRegs

00001400      50 (00001400)     _Cla1Regs

00004000     100 (00004000)     _EPwm1Regs

00004100     104 (00004100)     _EPwm2Regs

00004200     108 (00004200)     _EPwm3Regs

00004300     10c (00004300)     _EPwm4Regs

00004400     110 (00004400)     _EPwm5Regs

00004500     114 (00004500)     _EPwm6Regs

00004600     118 (00004600)     _EPwm7Regs

00004700     11c (00004700)     _EPwm8Regs

00004800     120 (00004800)     _EPwm9Regs

00004900     124 (00004900)     _EPwm10Regs

00004a00     128 (00004a00)     _EPwm11Regs

00004b00     12c (00004b00)     _EPwm12Regs

00005000     140 (00005000)     _ECap1Regs
00005020     140 (00005000)     _ECap2Regs

00005040     141 (00005040)     _ECap3Regs
00005060     141 (00005040)     _ECap4Regs

00005080     142 (00005080)     _ECap5Regs
000050a0     142 (00005080)     _ECap6Regs

00005100     144 (00005100)     _EQep1Regs

00005140     145 (00005140)     _EQep2Regs

00005180     146 (00005180)     _EQep3Regs

00005c00     170 (00005c00)     _DacaRegs
00005c10     170 (00005c00)     _DacbRegs
00005c20     170 (00005c00)     _DaccRegs

00005c80     172 (00005c80)     _Cmpss1Regs
00005ca0     172 (00005c80)     _Cmpss2Regs

00005cc0     173 (00005cc0)     _Cmpss3Regs
00005ce0     173 (00005cc0)     _Cmpss4Regs

00005d00     174 (00005d00)     _Cmpss5Regs
00005d20     174 (00005d00)     _Cmpss6Regs

00005d40     175 (00005d40)     _Cmpss7Regs
00005d60     175 (00005d40)     _Cmpss8Regs

00005e00     178 (00005e00)     _Sdfm1Regs

00005e80     17a (00005e80)     _Sdfm2Regs

00006000     180 (00006000)     _McbspaRegs

00006040     181 (00006040)     _McbspbRegs

00006100     184 (00006100)     _SpiaRegs
00006110     184 (00006100)     _SpibRegs
00006120     184 (00006100)     _SpicRegs

00006200     188 (00006200)     _UppRegs

00007000     1c0 (00007000)     _WdRegs

00007060     1c1 (00007040)     _NmiIntruptRegs
00007070     1c1 (00007040)     _XintRegs

00007200     1c8 (00007200)     _SciaRegs
00007210     1c8 (00007200)     _ScibRegs
00007220     1c8 (00007200)     _ScicRegs
00007230     1c8 (00007200)     _ScidRegs

00007300     1cc (00007300)     _I2caRegs

00007340     1cd (00007340)     _I2cbRegs

00007400     1d0 (00007400)     _AdcaRegs

00007480     1d2 (00007480)     _AdcbRegs

00007500     1d4 (00007500)     _AdccRegs

00007580     1d6 (00007580)     _AdcdRegs

00007900     1e4 (00007900)     _InputXbarRegs
00007920     1e4 (00007900)     _XbarRegs

00007940     1e5 (00007940)     _SyncSocRegs

00007980     1e6 (00007980)     _DmaClaSrcSelRegs

00007a00     1e8 (00007a00)     _EPwmXbarRegs

00007a80     1ea (00007a80)     _OutputXbarRegs

00007c00     1f0 (00007c00)     _GpioCtrlRegs

00007f00     1fc (00007f00)     _GpioDataRegs

0000b810     2e0 (0000b800)     _CpuTimer0
0000b818     2e0 (0000b800)     _CpuTimer1
0000b820     2e0 (0000b800)     _CpuTimer2
0000b828     2e0 (0000b800)     _Mem_SegHeadPtr
0000b82a     2e0 (0000b800)     _Mem_SegHeap
0000b834     2e0 (0000b800)     _flag
0000b836     2e0 (0000b800)     _test1
0000b838     2e0 (0000b800)     _test2
0000b83a     2e0 (0000b800)     _test3
0000b83c     2e0 (0000b800)     _OSPrioTbl

0000b840     2e1 (0000b840)     _OSIntNestingCtr
0000b841     2e1 (0000b840)     _OSRunning
0000b842     2e1 (0000b840)     _OSInitialized
0000b843     2e1 (0000b840)     _OSPrioCur
0000b844     2e1 (0000b840)     _OSPrioHighRdy
0000b845     2e1 (0000b840)     _OSSchedLockNestingCtr
0000b846     2e1 (0000b840)     _OSSchedRoundRobinEn
0000b847     2e1 (0000b840)     _OSStatResetFlag
0000b848     2e1 (0000b840)     _OSStatTaskCPUUsage
0000b849     2e1 (0000b840)     _OSStatTaskCPUUsageMax
0000b84a     2e1 (0000b840)     _OSStatTaskRdy
0000b84b     2e1 (0000b840)     _OSTaskQty
0000b84c     2e1 (0000b840)     _OSTaskRegNextAvailID
0000b84e     2e1 (0000b840)     _OS_AppTaskCreateHookPtr
0000b850     2e1 (0000b840)     _OS_AppTaskDelHookPtr
0000b852     2e1 (0000b840)     _OS_AppTaskReturnHookPtr
0000b854     2e1 (0000b840)     _OS_AppIdleTaskHookPtr
0000b856     2e1 (0000b840)     _OS_AppStatTaskHookPtr
0000b858     2e1 (0000b840)     _OS_AppTaskSwHookPtr
0000b85a     2e1 (0000b840)     _OS_AppTimeTickHookPtr
0000b85c     2e1 (0000b840)     _OSISRStkFree
0000b85e     2e1 (0000b840)     _OSISRStkUsed
0000b860     2e1 (0000b840)     _OSSchedRoundRobinDfltTimeQuanta
0000b862     2e1 (0000b840)     _OSStatTaskCtr
0000b864     2e1 (0000b840)     _OSStatTaskCtrMax
0000b866     2e1 (0000b840)     _OSStatTaskCtrRun
0000b868     2e1 (0000b840)     _OSTaskCtxSwCtr
0000b86a     2e1 (0000b840)     _OSTickCtr
0000b86c     2e1 (0000b840)     _OSTickList
0000b86e     2e1 (0000b840)     _OSTmrListPtr
0000b870     2e1 (0000b840)     _OSTmrTaskTickBase
0000b872     2e1 (0000b840)     _OSTmrToTicksMult
0000b874     2e1 (0000b840)     _OSTCBCurPtr
0000b876     2e1 (0000b840)     _OSTCBHighRdyPtr
0000b878     2e1 (0000b840)     _OSMsgPool

0000b880     2e2 (0000b880)     _OSTmrCond
0000b888     2e2 (0000b880)     _OSTmrMutex

0000b8c0     2e3 (0000b8c0)     _OSIdleTaskTCB

0000b940     2e5 (0000b940)     _OSStatTaskTCB

0000b9c0     2e7 (0000b9c0)     _OSTmrTaskTCB

0000ba16     2e8 (0000ba00)     ___TI_enable_exit_profile_output
0000ba18     2e8 (0000ba00)     ___TI_cleanup_ptr
0000ba1a     2e8 (0000ba00)     ___TI_dtors_ptr
0000ba1c     2e8 (0000ba00)     __lock
0000ba1e     2e8 (0000ba00)     __unlock
0000ba20     2e8 (0000ba00)     _Math_RandSeedCur

0000ba40     2e9 (0000ba40)     _OSRdyList

0000bb40     2ed (0000bb40)     _OSCfg_MsgPool

0000bc00     2f0 (0000bc00)     _OSCfg_ISRStk

0000bc80     2f2 (0000bc80)     _OSCfg_TmrTaskStk

0000bd00     2f4 (0000bd00)     _OSCfg_StatTaskStk

0000bd80     2f6 (0000bd80)     _OSCfg_IdleTaskStk

00047000    11c0 (00047000)     _Emif1Regs

00047800    11e0 (00047800)     _Emif2Regs

00050000    1400 (00050000)     _IpcRegs
00050024    1400 (00050000)     _FlashPumpSemaphoreRegs

0005d000    1740 (0005d000)     _DevCfgRegs

0005d180    1746 (0005d180)     _AnalogSubsysRegs

0005d200    1748 (0005d200)     _ClkCfgRegs

0005d300    174c (0005d300)     _CpuSysRegs

0005e608    1798 (0005e600)     _RomPrefetchRegs

0005f000    17c0 (0005f000)     _DcsmZ1Regs

0005f040    17c1 (0005f040)     _DcsmZ2Regs
0005f070    17c1 (0005f040)     _DcsmCommonRegs

0005f400    17d0 (0005f400)     _MemCfgRegs

0005f480    17d2 (0005f480)     _Emif1ConfigRegs
0005f4a0    17d2 (0005f480)     _Emif2ConfigRegs

0005f4c0    17d3 (0005f4c0)     _AccessProtectionRegs

0005f500    17d4 (0005f500)     _MemoryErrorRegs

0005f540    17d5 (0005f540)     _RomWaitStateRegs

0005f800    17e0 (0005f800)     _Flash0CtrlRegs

0005fb00    17ec (0005fb00)     _Flash0EccRegs

00078000    1e00 (00078000)     _DcsmZ1Otp

00078200    1e08 (00078200)     _DcsmZ2Otp

00090000    2400 (00090000)     _PieVectTableInit

000901c0    2407 (000901c0)     _OSCfg_MsgPoolSize
000901c1    2407 (000901c0)     _OSCfg_StatTaskPrio
000901c2    2407 (000901c0)     _OSCfg_TmrTaskPrio
000901c4    2407 (000901c0)     _OSCfg_IdleTaskStkBasePtr
000901c6    2407 (000901c0)     _OSCfg_IdleTaskStkLimit
000901c8    2407 (000901c0)     _OSCfg_IdleTaskStkSize
000901ca    2407 (000901c0)     _OSCfg_IdleTaskStkSizeRAM
000901cc    2407 (000901c0)     _OSCfg_ISRStkBasePtr
000901ce    2407 (000901c0)     _OSCfg_ISRStkSize
000901d0    2407 (000901c0)     _OSCfg_ISRStkSizeRAM
000901d2    2407 (000901c0)     _OSCfg_MsgPoolSizeRAM
000901d4    2407 (000901c0)     _OSCfg_MsgPoolBasePtr
000901d6    2407 (000901c0)     _OSCfg_StatTaskRate_Hz
000901d8    2407 (000901c0)     _OSCfg_StatTaskStkBasePtr
000901da    2407 (000901c0)     _OSCfg_StatTaskStkLimit
000901dc    2407 (000901c0)     _OSCfg_StatTaskStkSize
000901de    2407 (000901c0)     _OSCfg_StatTaskStkSizeRAM
000901e0    2407 (000901c0)     _OSCfg_StkSizeMin
000901e2    2407 (000901c0)     _OSCfg_TickRate_Hz
000901e4    2407 (000901c0)     _OSCfg_TmrTaskRate_Hz
000901e6    2407 (000901c0)     _OSCfg_TmrTaskStkBasePtr
000901e8    2407 (000901c0)     _OSCfg_TmrTaskStkLimit
000901ea    2407 (000901c0)     _OSCfg_TmrTaskStkSize
000901ec    2407 (000901c0)     _OSCfg_TmrTaskStkSizeRAM
000901ee    2407 (000901c0)     _OSCfg_DataSizeRAM

0009021a    2408 (00090200)     _CPU_EndiannessTest
0009021c    2408 (00090200)     _OSDbg_DbgEn


GLOBAL SYMBOLS: SORTED ALPHABETICALLY BY Name 

page  address   name                                  
----  -------   ----                                  
abs   ffffffff  .text                                 
0     000849af  C$$EXIT                               
abs   00000100  CLA_SCRATCHPAD_SIZE                   
0     00084a60  LL$$AND                               
0     00084a68  LL$$OR                                
0     00084a70  LL$$XOR                               
0     00082da0  _ADCA1_ISR                            
0     00082d96  _ADCA2_ISR                            
0     00082d8c  _ADCA3_ISR                            
0     00082d82  _ADCA4_ISR                            
0     00082d78  _ADCA_EVT_ISR                         
0     00082d6e  _ADCB1_ISR                            
0     00082d64  _ADCB2_ISR                            
0     00082d5a  _ADCB3_ISR                            
0     00082d50  _ADCB4_ISR                            
0     00082d46  _ADCB_EVT_ISR                         
0     00082d3c  _ADCC1_ISR                            
0     00082d32  _ADCC2_ISR                            
0     00082d28  _ADCC3_ISR                            
0     00082d1e  _ADCC4_ISR                            
0     00082d14  _ADCC_EVT_ISR                         
0     00082d0a  _ADCD1_ISR                            
0     00082d00  _ADCD2_ISR                            
0     00082cf6  _ADCD3_ISR                            
0     00082cec  _ADCD4_ISR                            
0     00082ce2  _ADCD_EVT_ISR                         
0     00082cd8  _AUX_PLL_SLIP_ISR                     
1     0005f4c0  _AccessProtectionRegs                 
1     00007400  _AdcaRegs                             
1     00000b00  _AdcaResultRegs                       
1     00007480  _AdcbRegs                             
1     00000b20  _AdcbResultRegs                       
1     00007500  _AdccRegs                             
1     00000b40  _AdccResultRegs                       
1     00007580  _AdcdRegs                             
1     00000b60  _AdcdResultRegs                       
1     0005d180  _AnalogSubsysRegs                     
0     00083c91  _AuxAuxClkSel                         
0     00083cac  _AuxIntOsc2Sel                        
0     00083c9b  _AuxXtalOscSel                        
0     000844ed  _BSP_Tick_Init                        
0     00082cce  _CANA0_ISR                            
0     00082cc4  _CANA1_ISR                            
0     00082cba  _CANB0_ISR                            
0     00082cb0  _CANB1_ISR                            
0     00082ca6  _CLA1_1_ISR                           
0     00082c9c  _CLA1_2_ISR                           
0     00082c92  _CLA1_3_ISR                           
0     00082c88  _CLA1_4_ISR                           
0     00082c7e  _CLA1_5_ISR                           
0     00082c74  _CLA1_6_ISR                           
0     00082c6a  _CLA1_7_ISR                           
0     00082c60  _CLA1_8_ISR                           
0     00082c56  _CLA_OVERFLOW_ISR                     
0     00082c4c  _CLA_UNDERFLOW_ISR                    
0     00084a35  _CPU_CntLeadZeros                     
0     0009021a  _CPU_EndiannessTest                   
0     00084a24  _CPU_IntDis                           
0     00084a26  _CPU_IntEn                            
0     00084a41  _CPU_RevBits                          
0     00084a2d  _CPU_SR_Restore                       
0     00084a28  _CPU_SR_Save                          
0     00009000  _Cla1Prog_Start                       
1     00001400  _Cla1Regs                             
0     00000ce0  _Cla1SoftIntRegs                      
0     00009000  _Cla1funcsLoadEnd                     
abs   00000000  _Cla1funcsLoadSize                    
0     00009000  _Cla1funcsLoadStart                   
0     00009000  _Cla1funcsRunStart                    
1     0005d200  _ClkCfgRegs                           
1     00005c80  _Cmpss1Regs                           
1     00005ca0  _Cmpss2Regs                           
1     00005cc0  _Cmpss3Regs                           
1     00005ce0  _Cmpss4Regs                           
1     00005d00  _Cmpss5Regs                           
1     00005d20  _Cmpss6Regs                           
1     00005d40  _Cmpss7Regs                           
1     00005d60  _Cmpss8Regs                           
0     00083fd7  _ConfigCpuTimer                       
1     0005d300  _CpuSysRegs                           
1     0000b810  _CpuTimer0                            
1     00000c00  _CpuTimer0Regs                        
1     0000b818  _CpuTimer1                            
1     00000c08  _CpuTimer1Regs                        
1     0000b820  _CpuTimer2                            
1     00000c10  _CpuTimer2Regs                        
0     00083daa  _CsmUnlock                            
0     00082c42  _DATALOG_ISR                          
0     00082c38  _DMA_CH1_ISR                          
0     00082c2e  _DMA_CH2_ISR                          
0     00082c24  _DMA_CH3_ISR                          
0     00082c1a  _DMA_CH4_ISR                          
0     00082c10  _DMA_CH5_ISR                          
0     00082c06  _DMA_CH6_ISR                          
1     00005c00  _DacaRegs                             
1     00005c10  _DacbRegs                             
1     00005c20  _DaccRegs                             
1     0005f070  _DcsmCommonRegs                       
1     00078000  _DcsmZ1Otp                            
1     0005f000  _DcsmZ1Regs                           
1     00078200  _DcsmZ2Otp                            
1     0005f040  _DcsmZ2Regs                           
1     0005d000  _DevCfgRegs                           
0     00083b98  _DisableDog                           
0     00083d54  _DisablePeripheralClocks              
1     00007980  _DmaClaSrcSelRegs                     
1     00001000  _DmaRegs                              
0     00082bfc  _ECAP1_ISR                            
0     00082bf2  _ECAP2_ISR                            
0     00082be8  _ECAP3_ISR                            
0     00082bde  _ECAP4_ISR                            
0     00082bd4  _ECAP5_ISR                            
0     00082bca  _ECAP6_ISR                            
1     00005000  _ECap1Regs                            
1     00005020  _ECap2Regs                            
1     00005040  _ECap3Regs                            
1     00005060  _ECap4Regs                            
1     00005080  _ECap5Regs                            
1     000050a0  _ECap6Regs                            
0     00082bc0  _EMIF_ERROR_ISR                       
0     00082bb3  _EMPTY_ISR                            
0     00082ba9  _EMU_ISR                              
0     00082b9f  _EPWM10_ISR                           
0     00082b95  _EPWM10_TZ_ISR                        
0     00082b8b  _EPWM11_ISR                           
0     00082b81  _EPWM11_TZ_ISR                        
0     00082b77  _EPWM12_ISR                           
0     00082b6d  _EPWM12_TZ_ISR                        
0     00082b63  _EPWM1_ISR                            
0     00082b59  _EPWM1_TZ_ISR                         
0     00082b4f  _EPWM2_ISR                            
0     00082b45  _EPWM2_TZ_ISR                         
0     00082b3b  _EPWM3_ISR                            
0     00082b31  _EPWM3_TZ_ISR                         
0     00082b27  _EPWM4_ISR                            
0     00082b1d  _EPWM4_TZ_ISR                         
0     00082b13  _EPWM5_ISR                            
0     00082b09  _EPWM5_TZ_ISR                         
0     00082aff  _EPWM6_ISR                            
0     00082af5  _EPWM6_TZ_ISR                         
0     00082aeb  _EPWM7_ISR                            
0     00082ae1  _EPWM7_TZ_ISR                         
0     00082ad7  _EPWM8_ISR                            
0     00082acd  _EPWM8_TZ_ISR                         
0     00082ac3  _EPWM9_ISR                            
0     00082ab9  _EPWM9_TZ_ISR                         
1     00004900  _EPwm10Regs                           
1     00004a00  _EPwm11Regs                           
1     00004b00  _EPwm12Regs                           
1     00004000  _EPwm1Regs                            
1     00004100  _EPwm2Regs                            
1     00004200  _EPwm3Regs                            
1     00004300  _EPwm4Regs                            
1     00004400  _EPwm5Regs                            
1     00004500  _EPwm6Regs                            
1     00004600  _EPwm7Regs                            
1     00004700  _EPwm8Regs                            
1     00004800  _EPwm9Regs                            
1     00007a00  _EPwmXbarRegs                         
0     00082aaf  _EQEP1_ISR                            
0     00082aa5  _EQEP2_ISR                            
0     00082a9b  _EQEP3_ISR                            
1     00005100  _EQep1Regs                            
1     00005140  _EQep2Regs                            
1     00005180  _EQep3Regs                            
1     0005f480  _Emif1ConfigRegs                      
1     00047000  _Emif1Regs                            
1     0005f4a0  _Emif2ConfigRegs                      
1     00047800  _Emif2Regs                            
1     00000d01  _EmuBMode                             
1     00000d00  _EmuKey                               
0     000849f7  _EnableInterrupts                     
0     00008048  _F28x_usDelay                         
0     00082a91  _FLASH_CORRECTABLE_ERROR_ISR          
0     00082a87  _FPU_OVERFLOW_ISR                     
0     00082a7d  _FPU_UNDERFLOW_ISR                    
1     0005f800  _Flash0CtrlRegs                       
1     0005fb00  _Flash0EccRegs                        
0     00008034  _FlashOff                             
1     00050024  _FlashPumpSemaphoreRegs               
0     00083f88  _GPIO_EnableUnbondedIOPullups         
0     00083f63  _GPIO_EnableUnbondedIOPullupsFor100Pin
0     00083f4a  _GPIO_EnableUnbondedIOPullupsFor176Pin
0     00083f36  _GPIO_ReadPin                         
0     000844a2  _GPIO_Setup                           
0     00083f15  _GPIO_SetupLock                       
0     00083ec0  _GPIO_SetupPinMux                     
0     00083e43  _GPIO_SetupPinOptions                 
0     00083e3c  _GPIO_SetupXINT1Gpio                  
0     00083e35  _GPIO_SetupXINT2Gpio                  
0     00083e2e  _GPIO_SetupXINT3Gpio                  
0     00083e27  _GPIO_SetupXINT4Gpio                  
0     00083e20  _GPIO_SetupXINT5Gpio                  
0     00083e06  _GPIO_WritePin                        
1     00007c00  _GpioCtrlRegs                         
1     00007f00  _GpioDataRegs                         
0     00083d91  _HALT                                 
0     00083d72  _HIB                                  
0     00082a73  _I2CA_FIFO_ISR                        
0     00082a69  _I2CA_ISR                             
0     00082a5f  _I2CB_FIFO_ISR                        
0     00082a55  _I2CB_ISR                             
1     00007300  _I2caRegs                             
1     00007340  _I2cbRegs                             
0     00083d4b  _IDLE                                 
0     00082a4b  _ILLEGAL_ISR                          
0     00082a41  _IPC0_ISR                             
0     00082a37  _IPC1_ISR                             
0     00082a2d  _IPC2_ISR                             
0     00082a23  _IPC3_ISR                             
0     00083cb9  _InitAuxPll                           
0     00083f98  _InitCpuTimers                        
0     00008000  _InitFlash                            
0     00083dcb  _InitGpio                             
0     00083ba5  _InitPeripheralClocks                 
0     000849d8  _InitPieCtrl                          
0     00084a78  _InitPieVectTable                     
0     00083c4e  _InitSysCtrl                          
0     00083b11  _InitSysPll                           
1     00007900  _InputXbarRegs                        
1     00050000  _IpcRegs                              
0     00082a19  _MCBSPA_RX_ISR                        
0     00082a0f  _MCBSPA_TX_ISR                        
0     00082a05  _MCBSPB_RX_ISR                        
0     000829fb  _MCBSPB_TX_ISR                        
1     0000ba20  _Math_RandSeedCur                     
1     00006000  _McbspaRegs                           
1     00006040  _McbspbRegs                           
1     0005f400  _MemCfgRegs                           
1     0000b828  _Mem_SegHeadPtr                       
1     0000b82a  _Mem_SegHeap                          
1     0005f500  _MemoryErrorRegs                      
0     000829f1  _NMI_ISR                              
0     000829e7  _NOTUSED_ISR                          
1     00007060  _NmiIntruptRegs                       
0     000901ee  _OSCfg_DataSizeRAM                    
1     0000bc00  _OSCfg_ISRStk                         
0     000901cc  _OSCfg_ISRStkBasePtr                  
0     000901ce  _OSCfg_ISRStkSize                     
0     000901d0  _OSCfg_ISRStkSizeRAM                  
1     0000bd80  _OSCfg_IdleTaskStk                    
0     000901c4  _OSCfg_IdleTaskStkBasePtr             
0     000901c6  _OSCfg_IdleTaskStkLimit               
0     000901c8  _OSCfg_IdleTaskStkSize                
0     000901ca  _OSCfg_IdleTaskStkSizeRAM             
0     00083ffc  _OSCfg_Init                           
1     0000bb40  _OSCfg_MsgPool                        
0     000901d4  _OSCfg_MsgPoolBasePtr                 
0     000901c0  _OSCfg_MsgPoolSize                    
0     000901d2  _OSCfg_MsgPoolSizeRAM                 
0     000901c1  _OSCfg_StatTaskPrio                   
0     000901d6  _OSCfg_StatTaskRate_Hz                
1     0000bd00  _OSCfg_StatTaskStk                    
0     000901d8  _OSCfg_StatTaskStkBasePtr             
0     000901da  _OSCfg_StatTaskStkLimit               
0     000901dc  _OSCfg_StatTaskStkSize                
0     000901de  _OSCfg_StatTaskStkSizeRAM             
0     000901e0  _OSCfg_StkSizeMin                     
0     000901e2  _OSCfg_TickRate_Hz                    
0     000901c2  _OSCfg_TmrTaskPrio                    
0     000901e4  _OSCfg_TmrTaskRate_Hz                 
1     0000bc80  _OSCfg_TmrTaskStk                     
0     000901e6  _OSCfg_TmrTaskStkBasePtr              
0     000901e8  _OSCfg_TmrTaskStkLimit                
0     000901ea  _OSCfg_TmrTaskStkSize                 
0     000901ec  _OSCfg_TmrTaskStkSizeRAM              
0     0009021c  _OSDbg_DbgEn                          
1     0000b85c  _OSISRStkFree                         
1     0000b85e  _OSISRStkUsed                         
0     000846c0  _OSIdleTaskHook                       
1     0000b8c0  _OSIdleTaskTCB                        
0     00083717  _OSInit                               
0     000846bf  _OSInitHook                           
1     0000b842  _OSInitialized                        
0     0008370b  _OSIntEnter                           
0     000836c5  _OSIntExit                            
1     0000b840  _OSIntNestingCtr                      
0     00084728  _OSMemCreate                          
0     000846fa  _OSMemGet                             
0     000846c9  _OSMemPut                             
1     0000b878  _OSMsgPool                            
0     00083a88  _OSMutexCreate                        
0     00083a05  _OSMutexDel                           
0     0008394d  _OSMutexPend                          
0     000838b2  _OSMutexPendAbort                     
0     00083807  _OSMutexPost                          
1     0000b843  _OSPrioCur                            
1     0000b844  _OSPrioHighRdy                        
1     0000b83c  _OSPrioTbl                            
1     0000ba40  _OSRdyList                            
1     0000b841  _OSRunning                            
0     000835d1  _OSSched                              
0     000836a2  _OSSchedLock                          
1     0000b845  _OSSchedLockNestingCtr                
0     0008367a  _OSSchedRoundRobinCfg                 
1     0000b860  _OSSchedRoundRobinDfltTimeQuanta      
1     0000b846  _OSSchedRoundRobinEn                  
0     00083634  _OSSchedRoundRobinYield               
0     0008360a  _OSSchedUnlock                        
0     00083597  _OSStart                              
0     00084821  _OSStartHighRdy                       
0     000841f6  _OSStatReset                          
1     0000b847  _OSStatResetFlag                      
1     0000b848  _OSStatTaskCPUUsage                   
0     000842cc  _OSStatTaskCPUUsageInit               
1     0000b849  _OSStatTaskCPUUsageMax                
1     0000b862  _OSStatTaskCtr                        
1     0000b864  _OSStatTaskCtrMax                     
1     0000b866  _OSStatTaskCtrRun                     
0     000846b8  _OSStatTaskHook                       
1     0000b84a  _OSStatTaskRdy                        
1     0000b940  _OSStatTaskTCB                        
1     0000b874  _OSTCBCurPtr                          
1     0000b876  _OSTCBHighRdyPtr                      
0     000827d9  _OSTaskChangePrio                     
0     00082704  _OSTaskCreate                         
0     000846b1  _OSTaskCreateHook                     
1     0000b868  _OSTaskCtxSwCtr                       
0     00082115  _OSTaskDel                            
0     000846aa  _OSTaskDelHook                        
0     000826d4  _OSTaskQFlush                         
0     00082638  _OSTaskQPend                          
0     000825e5  _OSTaskQPendAbort                     
0     00082570  _OSTaskQPost                          
1     0000b84b  _OSTaskQty                            
0     0008254c  _OSTaskRegGet                         
0     00082534  _OSTaskRegGetID                       
1     0000b84c  _OSTaskRegNextAvailID                 
0     0008250e  _OSTaskRegSet                         
0     0008248e  _OSTaskResume                         
0     000846a3  _OSTaskReturnHook                     
0     00082410  _OSTaskSemPend                        
0     000823b6  _OSTaskSemPendAbort                   
0     00082331  _OSTaskSemPost                        
0     000822fc  _OSTaskSemSet                         
0     000822a1  _OSTaskStkChk                         
0     00084628  _OSTaskStkInit                        
0     0008220b  _OSTaskSuspend                        
0     00084607  _OSTaskSwHook                         
0     000821de  _OSTaskTimeQuantaSet                  
1     0000b86a  _OSTickCtr                            
1     0000b86c  _OSTickList                           
0     0008445a  _OSTimeDly                            
0     000843b9  _OSTimeDlyHMSM                        
0     00084365  _OSTimeDlyResume                      
0     00084356  _OSTimeGet                            
0     00084347  _OSTimeSet                            
0     00084331  _OSTimeTick                           
0     00084600  _OSTimeTickHook                       
1     0000b880  _OSTmrCond                            
0     000832a5  _OSTmrCreate                          
0     0008323c  _OSTmrDel                             
1     0000b86e  _OSTmrListPtr                         
1     0000b888  _OSTmrMutex                           
0     000831c2  _OSTmrRemainGet                       
0     0008316a  _OSTmrSet                             
0     000830e9  _OSTmrStart                           
0     000830b3  _OSTmrStateGet                        
0     00083022  _OSTmrStop                            
1     0000b9c0  _OSTmrTaskTCB                         
1     0000b870  _OSTmrTaskTickBase                    
1     0000b872  _OSTmrToTicksMult                     
0     00083593  _OSVersion                            
1     0000b854  _OS_AppIdleTaskHookPtr                
1     0000b856  _OS_AppStatTaskHookPtr                
1     0000b84e  _OS_AppTaskCreateHookPtr              
1     0000b850  _OS_AppTaskDelHookPtr                 
1     0000b852  _OS_AppTaskReturnHookPtr              
1     0000b858  _OS_AppTaskSwHookPtr                  
1     0000b85a  _OS_AppTimeTickHookPtr                
0     0008481b  _OS_CPU_GetST0                        
0     0008481e  _OS_CPU_GetST1                        
0     00083585  _OS_IdleTask                          
0     00083563  _OS_IdleTaskInit                      
0     000846c7  _OS_MemInit                           
0     000847ea  _OS_MsgPoolInit                       
0     000847d8  _OS_MsgQFreeAll                       
0     000847b8  _OS_MsgQGet                           
0     000847b1  _OS_MsgQInit                          
0     00084781  _OS_MsgQPut                           
0     000837f5  _OS_MutexClr                          
0     000837bb  _OS_MutexGrpAdd                       
0     000837c1  _OS_MutexGrpPostAll                   
0     000837a6  _OS_MutexGrpPrioFindHighest           
0     0008379a  _OS_MutexGrpRemove                    
0     00083545  _OS_Pend                              
0     00083508  _OS_PendAbort                         
0     000834f4  _OS_PendListChangePrio                
0     000834ef  _OS_PendListInit                      
0     000834a9  _OS_PendListInsertPrio                
0     00083430  _OS_PendListRemove                    
0     00083466  _OS_Post                              
0     0008499f  _OS_PrioGetHighest                    
0     00084996  _OS_PrioInit                          
0     00084985  _OS_PrioInsert                        
0     00084973  _OS_PrioRemove                        
0     00083420  _OS_RdyListInit                       
0     0008340a  _OS_RdyListInsert                     
0     000833ed  _OS_RdyListInsertHead                 
0     000833d3  _OS_RdyListInsertTail                 
0     00083363  _OS_RdyListMoveHeadToTail             
0     0008331b  _OS_RdyListRemove                     
0     00083387  _OS_SchedRoundRobin                   
0     00084202  _OS_StatTask                          
0     000841a4  _OS_StatTaskInit                      
0     00083349  _OS_TaskBlock                         
0     00082030  _OS_TaskChangePrio                    
0     000821d5  _OS_TaskInit                          
0     000820a1  _OS_TaskInitTCB                       
0     000821c7  _OS_TaskReturn                        
0     0008419a  _OS_TickInit                          
0     000840e1  _OS_TickListInsert                    
0     0008414e  _OS_TickListInsertDly                 
0     000840a5  _OS_TickListRemove                    
0     00084092  _OS_TickUpdate                        
0     00082ff8  _OS_TmrClr                            
0     00082fa3  _OS_TmrInit                           
0     00082eb4  _OS_TmrLink                           
0     00082f17  _OS_TmrTask                           
0     00082dc6  _OS_TmrUnlink                         
1     00007a80  _OutputXbarRegs                       
0     000829dd  _PIE_RESERVED_ISR                     
1     00000ce0  _PieCtrlRegs                          
1     00000d00  _PieVectTable                         
0     00090000  _PieVectTableInit                     
0     000829d3  _RAM_ACCESS_VIOLATION_ISR             
0     000829c9  _RAM_CORRECTABLE_ERROR_ISR            
0     00084850  _RTOS_ISR                             
0     0008604c  _RamfuncsLoadEnd                      
abs   0000004c  _RamfuncsLoadSize                     
0     00086000  _RamfuncsLoadStart                    
0     0000804c  _RamfuncsRunEnd                       
abs   0000004c  _RamfuncsRunSize                      
0     00008000  _RamfuncsRunStart                     
0     00083b07  _ReleaseFlashPump                     
1     0005e608  _RomPrefetchRegs                      
1     0005f540  _RomWaitStateRegs                     
0     000829bf  _SCIA_RX_ISR                          
0     000829b5  _SCIA_TX_ISR                          
0     000829ab  _SCIB_RX_ISR                          
0     000829a1  _SCIB_TX_ISR                          
0     00082997  _SCIC_RX_ISR                          
0     0008298d  _SCIC_TX_ISR                          
0     00082983  _SCID_RX_ISR                          
0     00082979  _SCID_TX_ISR                          
0     0008296f  _SD1_ISR                              
0     00082965  _SD2_ISR                              
0     0008295b  _SPIA_RX_ISR                          
0     00082951  _SPIA_TX_ISR                          
0     00082947  _SPIB_RX_ISR                          
0     0008293d  _SPIB_TX_ISR                          
0     00082933  _SPIC_RX_ISR                          
0     00082929  _SPIC_TX_ISR                          
0     00083afc  _STANDBY                              
0     0008291f  _SYS_PLL_SLIP_ISR                     
1     00007200  _SciaRegs                             
1     00007210  _ScibRegs                             
1     00007220  _ScicRegs                             
1     00007230  _ScidRegs                             
1     00005e00  _Sdfm1Regs                            
1     00005e80  _Sdfm2Regs                            
0     00083aed  _SeizeFlashPump                       
0     00083adf  _ServiceDog                           
1     00006100  _SpiaRegs                             
1     00006110  _SpibRegs                             
1     00006120  _SpicRegs                             
1     00007940  _SyncSocRegs                          
0     00083ad5  _SysIntOsc1Sel                        
0     00083acb  _SysIntOsc2Sel                        
0     00083abf  _SysXtalOscSel                        
0     00082915  _TIMER0_ISR                           
0     0008290b  _TIMER1_ISR                           
0     00082901  _TIMER2_ISR                           
0     000828f7  _UPPA_ISR                             
0     000828ed  _USBA_ISR                             
0     000828e3  _USER10_ISR                           
0     000828d9  _USER11_ISR                           
0     000828cf  _USER12_ISR                           
0     000828c5  _USER1_ISR                            
0     000828bb  _USER2_ISR                            
0     000828b1  _USER3_ISR                            
0     000828a7  _USER4_ISR                            
0     0008289d  _USER5_ISR                            
0     00082893  _USER6_ISR                            
0     00082889  _USER7_ISR                            
0     0008287f  _USER8_ISR                            
0     00082875  _USER9_ISR                            
1     00006200  _UppRegs                              
0     0008286b  _VCU_ISR                              
0     00082861  _WAKE_ISR                             
1     00007000  _WdRegs                               
0     00082857  _XINT1_ISR                            
0     0008284d  _XINT2_ISR                            
0     00082843  _XINT3_ISR                            
0     00082839  _XINT4_ISR                            
0     0008282f  _XINT5_ISR                            
1     00007920  _XbarRegs                             
1     00007070  _XintRegs                             
1     00000600  __STACK_END                           
abs   00000200  __STACK_SIZE                          
1     0000ba18  ___TI_cleanup_ptr                     
1     0000ba1a  ___TI_dtors_ptr                       
1     0000ba16  ___TI_enable_exit_profile_output      
abs   ffffffff  ___TI_pprof_out_hndl                  
abs   ffffffff  ___TI_prof_data_size                  
abs   ffffffff  ___TI_prof_data_start                 
abs   ffffffff  ___binit__                            
abs   ffffffff  ___c_args__                           
0     00082000  ___cinit__                            
abs   ffffffff  ___etext__                            
abs   ffffffff  ___pinit__                            
abs   ffffffff  ___text__                             
0     00084a8a  __args_main                           
1     0000ba1c  __lock                                
0     00084aa4  __nop                                 
0     00084aa0  __register_lock                       
0     00084a9c  __register_unlock                     
1     00000400  __stack                               
0     00083ffd  __system_post_cinit                   
0     00083ffa  __system_pre_init                     
1     0000ba1e  __unlock                              
0     000849af  _abort                                
0     0008491d  _c_int00                              
0     00084a00  _copy_in                              
0     00084907  _cpu_timer0_isr                       
0     000848f1  _cpu_timer1_isr                       
0     000848ae  _cpu_timer2_isr                       
0     000849b1  _exit                                 
1     0000b834  _flag                                 
0     00084539  _main                                 
0     00084a43  _memcpy                               
1     0000b836  _test1                                
1     0000b838  _test2                                
1     0000b83a  _test3                                
abs   ffffffff  binit                                 
0     00082000  cinit                                 
0     00080000  code_start                            
abs   ffffffff  etext                                 
abs   ffffffff  pinit                                 


GLOBAL SYMBOLS: SORTED BY Symbol Address 

page  address   name                                  
----  -------   ----                                  
0     00000ce0  _Cla1SoftIntRegs                      
0     00008000  _InitFlash                            
0     00008000  _RamfuncsRunStart                     
0     00008034  _FlashOff                             
0     00008048  _F28x_usDelay                         
0     0000804c  _RamfuncsRunEnd                       
0     00009000  _Cla1Prog_Start                       
0     00009000  _Cla1funcsLoadEnd                     
0     00009000  _Cla1funcsLoadStart                   
0     00009000  _Cla1funcsRunStart                    
0     00080000  code_start                            
0     00082000  ___cinit__                            
0     00082000  cinit                                 
0     00082030  _OS_TaskChangePrio                    
0     000820a1  _OS_TaskInitTCB                       
0     00082115  _OSTaskDel                            
0     000821c7  _OS_TaskReturn                        
0     000821d5  _OS_TaskInit                          
0     000821de  _OSTaskTimeQuantaSet                  
0     0008220b  _OSTaskSuspend                        
0     000822a1  _OSTaskStkChk                         
0     000822fc  _OSTaskSemSet                         
0     00082331  _OSTaskSemPost                        
0     000823b6  _OSTaskSemPendAbort                   
0     00082410  _OSTaskSemPend                        
0     0008248e  _OSTaskResume                         
0     0008250e  _OSTaskRegSet                         
0     00082534  _OSTaskRegGetID                       
0     0008254c  _OSTaskRegGet                         
0     00082570  _OSTaskQPost                          
0     000825e5  _OSTaskQPendAbort                     
0     00082638  _OSTaskQPend                          
0     000826d4  _OSTaskQFlush                         
0     00082704  _OSTaskCreate                         
0     000827d9  _OSTaskChangePrio                     
0     0008282f  _XINT5_ISR                            
0     00082839  _XINT4_ISR                            
0     00082843  _XINT3_ISR                            
0     0008284d  _XINT2_ISR                            
0     00082857  _XINT1_ISR                            
0     00082861  _WAKE_ISR                             
0     0008286b  _VCU_ISR                              
0     00082875  _USER9_ISR                            
0     0008287f  _USER8_ISR                            
0     00082889  _USER7_ISR                            
0     00082893  _USER6_ISR                            
0     0008289d  _USER5_ISR                            
0     000828a7  _USER4_ISR                            
0     000828b1  _USER3_ISR                            
0     000828bb  _USER2_ISR                            
0     000828c5  _USER1_ISR                            
0     000828cf  _USER12_ISR                           
0     000828d9  _USER11_ISR                           
0     000828e3  _USER10_ISR                           
0     000828ed  _USBA_ISR                             
0     000828f7  _UPPA_ISR                             
0     00082901  _TIMER2_ISR                           
0     0008290b  _TIMER1_ISR                           
0     00082915  _TIMER0_ISR                           
0     0008291f  _SYS_PLL_SLIP_ISR                     
0     00082929  _SPIC_TX_ISR                          
0     00082933  _SPIC_RX_ISR                          
0     0008293d  _SPIB_TX_ISR                          
0     00082947  _SPIB_RX_ISR                          
[...]
0     00082eb4  _OS_TmrLink                           
0     00082f17  _OS_TmrTask                           
0     00082fa3  _OS_TmrInit                           
0     00082ff8  _OS_TmrClr                            
0     00083022  _OSTmrStop                            
0     000830b3  _OSTmrStateGet                        
0     000830e9  _OSTmrStart                           
0     0008316a  _OSTmrSet                             
0     000831c2  _OSTmrRemainGet                       
0     0008323c  _OSTmrDel                             
0     000832a5  _OSTmrCreate                          
0     0008331b  _OS_RdyListRemove                     
0     00083349  _OS_TaskBlock                         
0     00083363  _OS_RdyListMoveHeadToTail             
0     00083387  _OS_SchedRoundRobin                   
0     000833d3  _OS_RdyListInsertTail                 
0     000833ed  _OS_RdyListInsertHead                 
0     0008340a  _OS_RdyListInsert                     
0     00083420  _OS_RdyListInit                       
0     00083430  _OS_PendListRemove                    
0     00083466  _OS_Post                              
0     000834a9  _OS_PendListInsertPrio                
0     000834ef  _OS_PendListInit                      
0     000834f4  _OS_PendListChangePrio                
0     00083508  _OS_PendAbort                         
0     00083545  _OS_Pend                              
0     00083563  _OS_IdleTaskInit                      
0     00083585  _OS_IdleTask                          
0     00083593  _OSVersion                            
0     00083597  _OSStart                              
0     000835d1  _OSSched                              
0     0008360a  _OSSchedUnlock                        
0     00083634  _OSSchedRoundRobinYield               
0     0008367a  _OSSchedRoundRobinCfg                 
0     000836a2  _OSSchedLock                          
0     000836c5  _OSIntExit                            
0     0008370b  _OSIntEnter                           
0     00083717  _OSInit                               
0     0008379a  _OS_MutexGrpRemove                    
0     000837a6  _OS_MutexGrpPrioFindHighest           
0     000837bb  _OS_MutexGrpAdd                       
0     000837c1  _OS_MutexGrpPostAll                   
0     000837f5  _OS_MutexClr                          
0     00083807  _OSMutexPost                          
0     000838b2  _OSMutexPendAbort                     
0     0008394d  _OSMutexPend                          
0     00083a05  _OSMutexDel                           
0     00083a88  _OSMutexCreate                        
0     00083abf  _SysXtalOscSel                        
0     00083acb  _SysIntOsc2Sel                        
0     00083ad5  _SysIntOsc1Sel                        
0     00083adf  _ServiceDog                           
0     00083aed  _SeizeFlashPump                       
0     00083afc  _STANDBY                              
0     00083b07  _ReleaseFlashPump                     
0     00083b11  _InitSysPll                           
0     00083b98  _DisableDog                           
0     00083ba5  _InitPeripheralClocks                 
0     00083c4e  _InitSysCtrl                          
0     00083c91  _AuxAuxClkSel                         
0     00083c9b  _AuxXtalOscSel                        
0     00083cac  _AuxIntOsc2Sel                        
0     00083cb9  _InitAuxPll                           
0     00083d4b  _IDLE                                 
0     00083d54  _DisablePeripheralClocks              
0     00083d72  _HIB                                  
0     00083d91  _HALT                                 
0     00083daa  _CsmUnlock                            
0     00083dcb  _InitGpio                             
0     00083e06  _GPIO_WritePin                        
0     00083e20  _GPIO_SetupXINT5Gpio                  
0     00083e27  _GPIO_SetupXINT4Gpio                  
0     00083e2e  _GPIO_SetupXINT3Gpio                  
0     00083e35  _GPIO_SetupXINT2Gpio                  
0     00083e3c  _GPIO_SetupXINT1Gpio                  
0     00083e43  _GPIO_SetupPinOptions                 
0     00083ec0  _GPIO_SetupPinMux                     
0     00083f15  _GPIO_SetupLock                       
0     00083f36  _GPIO_ReadPin                         
0     00083f4a  _GPIO_EnableUnbondedIOPullupsFor176Pin
0     00083f63  _GPIO_EnableUnbondedIOPullupsFor100Pin
0     00083f88  _GPIO_EnableUnbondedIOPullups         
0     00083f98  _InitCpuTimers                        
0     00083fd7  _ConfigCpuTimer                       
0     00083ffa  __system_pre_init                     
0     00083ffc  _OSCfg_Init                           
0     00083ffd  __system_post_cinit                   
0     00084092  _OS_TickUpdate                        
0     000840a5  _OS_TickListRemove                    
0     000840e1  _OS_TickListInsert                    
0     0008414e  _OS_TickListInsertDly                 
0     0008419a  _OS_TickInit                          
0     000841a4  _OS_StatTaskInit                      
0     000841f6  _OSStatReset                          
0     00084202  _OS_StatTask                          
0     000842cc  _OSStatTaskCPUUsageInit               
0     00084331  _OSTimeTick                           
0     00084347  _OSTimeSet                            
0     00084356  _OSTimeGet                            
0     00084365  _OSTimeDlyResume                      
0     000843b9  _OSTimeDlyHMSM                        
0     0008445a  _OSTimeDly                            
0     000844a2  _GPIO_Setup                           
0     000844ed  _BSP_Tick_Init                        
0     00084539  _main                                 
0     00084600  _OSTimeTickHook                       
0     00084607  _OSTaskSwHook                         
0     00084628  _OSTaskStkInit                        
0     000846a3  _OSTaskReturnHook                     
0     000846aa  _OSTaskDelHook                        
0     000846b1  _OSTaskCreateHook                     
0     000846b8  _OSStatTaskHook                       
0     000846bf  _OSInitHook                           
0     000846c0  _OSIdleTaskHook                       
0     000846c7  _OS_MemInit                           
0     000846c9  _OSMemPut                             
0     000846fa  _OSMemGet                             
0     00084728  _OSMemCreate                          
0     00084781  _OS_MsgQPut                           
0     000847b1  _OS_MsgQInit                          
0     000847b8  _OS_MsgQGet                           
0     000847d8  _OS_MsgQFreeAll                       
0     000847ea  _OS_MsgPoolInit                       
0     0008481b  _OS_CPU_GetST0                        
0     0008481e  _OS_CPU_GetST1                        
0     00084821  _OSStartHighRdy                       
0     00084850  _RTOS_ISR                             
0     000848ae  _cpu_timer2_isr                       
0     000848f1  _cpu_timer1_isr                       
0     00084907  _cpu_timer0_isr                       
0     0008491d  _c_int00                              
0     00084973  _OS_PrioRemove                        
0     00084985  _OS_PrioInsert                        
0     00084996  _OS_PrioInit                          
0     0008499f  _OS_PrioGetHighest                    
0     000849af  C$$EXIT                               
0     000849af  _abort                                
0     000849b1  _exit                                 
0     000849d8  _InitPieCtrl                          
0     000849f7  _EnableInterrupts                     
0     00084a00  _copy_in                              
0     00084a24  _CPU_IntDis                           
0     00084a26  _CPU_IntEn                            
0     00084a28  _CPU_SR_Save                          
0     00084a2d  _CPU_SR_Restore                       
0     00084a35  _CPU_CntLeadZeros                     
0     00084a41  _CPU_RevBits                          
0     00084a43  _memcpy                               
0     00084a60  LL$$AND                               
0     00084a68  LL$$OR                                
0     00084a70  LL$$XOR                               
0     00084a78  _InitPieVectTable                     
0     00084a8a  __args_main                           
0     00084a9c  __register_unlock                     
0     00084aa0  __register_lock                       
0     00084aa4  __nop                                 
0     00086000  _RamfuncsLoadStart                    
0     0008604c  _RamfuncsLoadEnd                      
0     00090000  _PieVectTableInit                     
0     000901c0  _OSCfg_MsgPoolSize                    
0     000901c1  _OSCfg_StatTaskPrio                   
0     000901c2  _OSCfg_TmrTaskPrio                    
0     000901c4  _OSCfg_IdleTaskStkBasePtr             
0     000901c6  _OSCfg_IdleTaskStkLimit               
0     000901c8  _OSCfg_IdleTaskStkSize                
0     000901ca  _OSCfg_IdleTaskStkSizeRAM             
0     000901cc  _OSCfg_ISRStkBasePtr                  
0     000901ce  _OSCfg_ISRStkSize                     
0     000901d0  _OSCfg_ISRStkSizeRAM                  
0     000901d2  _OSCfg_MsgPoolSizeRAM                 
0     000901d4  _OSCfg_MsgPoolBasePtr                 
0     000901d6  _OSCfg_StatTaskRate_Hz                
0     000901d8  _OSCfg_StatTaskStkBasePtr             
0     000901da  _OSCfg_StatTaskStkLimit               
0     000901dc  _OSCfg_StatTaskStkSize                
0     000901de  _OSCfg_StatTaskStkSizeRAM             
0     000901e0  _OSCfg_StkSizeMin                     
0     000901e2  _OSCfg_TickRate_Hz                    
0     000901e4  _OSCfg_TmrTaskRate_Hz                 
0     000901e6  _OSCfg_TmrTaskStkBasePtr              
0     000901e8  _OSCfg_TmrTaskStkLimit                
0     000901ea  _OSCfg_TmrTaskStkSize                 
0     000901ec  _OSCfg_TmrTaskStkSizeRAM              
0     000901ee  _OSCfg_DataSizeRAM                    
0     0009021a  _CPU_EndiannessTest                   
0     0009021c  _OSDbg_DbgEn                          
1     00000400  __stack                               
1     00000600  __STACK_END                           
1     00000b00  _AdcaResultRegs                       
1     00000b20  _AdcbResultRegs                       
1     00000b40  _AdccResultRegs                       
1     00000b60  _AdcdResultRegs                       
1     00000c00  _CpuTimer0Regs                        
1     00000c08  _CpuTimer1Regs                        
1     00000c10  _CpuTimer2Regs                        
1     00000ce0  _PieCtrlRegs                          
1     00000d00  _EmuKey                               
1     00000d00  _PieVectTable                         
1     00000d01  _EmuBMode                             
1     00001000  _DmaRegs                              
1     00001400  _Cla1Regs                             
1     00004000  _EPwm1Regs                            
1     00004100  _EPwm2Regs                            
1     00004200  _EPwm3Regs                            
1     00004300  _EPwm4Regs                            
1     00004400  _EPwm5Regs                            
1     00004500  _EPwm6Regs                            
1     00004600  _EPwm7Regs                            
1     00004700  _EPwm8Regs                            
1     00004800  _EPwm9Regs                            
1     00004900  _EPwm10Regs                           
1     00004a00  _EPwm11Regs                           
1     00004b00  _EPwm12Regs                           
1     00005000  _ECap1Regs                            
1     00005020  _ECap2Regs                            
1     00005040  _ECap3Regs                            
1     00005060  _ECap4Regs                            
1     00005080  _ECap5Regs                            
1     000050a0  _ECap6Regs                            
1     00005100  _EQep1Regs                            
1     00005140  _EQep2Regs                            
1     00005180  _EQep3Regs                            
1     00005c00  _DacaRegs                             
1     00005c10  _DacbRegs                             
1     00005c20  _DaccRegs                             
1     00005c80  _Cmpss1Regs                           
1     00005ca0  _Cmpss2Regs                           
1     00005cc0  _Cmpss3Regs                           
1     00005ce0  _Cmpss4Regs                           
1     00005d00  _Cmpss5Regs                           
1     00005d20  _Cmpss6Regs                           
1     00005d40  _Cmpss7Regs                           
1     00005d60  _Cmpss8Regs                           
1     00005e00  _Sdfm1Regs                            
1     00005e80  _Sdfm2Regs                            
1     00006000  _McbspaRegs                           
1     00006040  _McbspbRegs                           
1     00006100  _SpiaRegs                             
1     00006110  _SpibRegs                             
1     00006120  _SpicRegs                             
1     00006200  _UppRegs                              
1     00007000  _WdRegs                               
1     00007060  _NmiIntruptRegs                       
1     00007070  _XintRegs                             
1     00007200  _SciaRegs                             
1     00007210  _ScibRegs                             
1     00007220  _ScicRegs                             
1     00007230  _ScidRegs                             
1     00007300  _I2caRegs                             
1     00007340  _I2cbRegs                             
1     00007400  _AdcaRegs                             
1     00007480  _AdcbRegs                             
1     00007500  _AdccRegs                             
1     00007580  _AdcdRegs                             
1     00007900  _InputXbarRegs                        
1     00007920  _XbarRegs                             
1     00007940  _SyncSocRegs                          
1     00007980  _DmaClaSrcSelRegs                     
1     00007a00  _EPwmXbarRegs                         
1     00007a80  _OutputXbarRegs                       
1     00007c00  _GpioCtrlRegs                         
1     00007f00  _GpioDataRegs                         
1     0000b810  _CpuTimer0                            
1     0000b818  _CpuTimer1                            
1     0000b820  _CpuTimer2                            
1     0000b828  _Mem_SegHeadPtr                       
1     0000b82a  _Mem_SegHeap                          
1     0000b834  _flag                                 
1     0000b836  _test1                                
1     0000b838  _test2                                
1     0000b83a  _test3                                
1     0000b83c  _OSPrioTbl                            
1     0000b840  _OSIntNestingCtr                      
1     0000b841  _OSRunning                            
1     0000b842  _OSInitialized                        
1     0000b843  _OSPrioCur                            
1     0000b844  _OSPrioHighRdy                        
1     0000b845  _OSSchedLockNestingCtr                
1     0000b846  _OSSchedRoundRobinEn                  
1     0000b847  _OSStatResetFlag                      
1     0000b848  _OSStatTaskCPUUsage                   
1     0000b849  _OSStatTaskCPUUsageMax                
1     0000b84a  _OSStatTaskRdy                        
1     0000b84b  _OSTaskQty                            
1     0000b84c  _OSTaskRegNextAvailID                 
1     0000b84e  _OS_AppTaskCreateHookPtr              
1     0000b850  _OS_AppTaskDelHookPtr                 
1     0000b852  _OS_AppTaskReturnHookPtr              
1     0000b854  _OS_AppIdleTaskHookPtr                
1     0000b856  _OS_AppStatTaskHookPtr                
1     0000b858  _OS_AppTaskSwHookPtr                  
1     0000b85a  _OS_AppTimeTickHookPtr                
1     0000b85c  _OSISRStkFree                         
1     0000b85e  _OSISRStkUsed                         
1     0000b860  _OSSchedRoundRobinDfltTimeQuanta      
1     0000b862  _OSStatTaskCtr                        
1     0000b864  _OSStatTaskCtrMax                     
1     0000b866  _OSStatTaskCtrRun                     
1     0000b868  _OSTaskCtxSwCtr                       
1     0000b86a  _OSTickCtr                            
1     0000b86c  _OSTickList                           
1     0000b86e  _OSTmrListPtr                         
1     0000b870  _OSTmrTaskTickBase                    
1     0000b872  _OSTmrToTicksMult                     
1     0000b874  _OSTCBCurPtr                          
1     0000b876  _OSTCBHighRdyPtr                      
1     0000b878  _OSMsgPool                            
1     0000b880  _OSTmrCond                            
1     0000b888  _OSTmrMutex                           
1     0000b8c0  _OSIdleTaskTCB                        
1     0000b940  _OSStatTaskTCB                        
1     0000b9c0  _OSTmrTaskTCB                         
1     0000ba16  ___TI_enable_exit_profile_output      
1     0000ba18  ___TI_cleanup_ptr                     
1     0000ba1a  ___TI_dtors_ptr                       
1     0000ba1c  __lock                                
1     0000ba1e  __unlock                              
1     0000ba20  _Math_RandSeedCur                     
1     0000ba40  _OSRdyList                            
1     0000bb40  _OSCfg_MsgPool                        
1     0000bc00  _OSCfg_ISRStk                         
1     0000bc80  _OSCfg_TmrTaskStk                     
1     0000bd00  _OSCfg_StatTaskStk                    
1     0000bd80  _OSCfg_IdleTaskStk                    
1     00047000  _Emif1Regs                            
1     00047800  _Emif2Regs                            
1     00050000  _IpcRegs                              
1     00050024  _FlashPumpSemaphoreRegs               
1     0005d000  _DevCfgRegs                           
1     0005d180  _AnalogSubsysRegs                     
1     0005d200  _ClkCfgRegs                           
1     0005d300  _CpuSysRegs                           
1     0005e608  _RomPrefetchRegs                      
1     0005f000  _DcsmZ1Regs                           
1     0005f040  _DcsmZ2Regs                           
1     0005f070  _DcsmCommonRegs                       
1     0005f400  _MemCfgRegs                           
1     0005f480  _Emif1ConfigRegs                      
1     0005f4a0  _Emif2ConfigRegs                      
1     0005f4c0  _AccessProtectionRegs                 
1     0005f500  _MemoryErrorRegs                      
1     0005f540  _RomWaitStateRegs                     
1     0005f800  _Flash0CtrlRegs                       
1     0005fb00  _Flash0EccRegs                        
1     00078000  _DcsmZ1Otp                            
1     00078200  _DcsmZ2Otp                            
abs   00000000  _Cla1funcsLoadSize                    
abs   0000004c  _RamfuncsLoadSize                     
abs   0000004c  _RamfuncsRunSize                      
abs   00000100  CLA_SCRATCHPAD_SIZE                   
abs   00000200  __STACK_SIZE                          
abs   ffffffff  .text                                 
abs   ffffffff  ___TI_pprof_out_hndl                  
abs   ffffffff  ___TI_prof_data_size                  
abs   ffffffff  ___TI_prof_data_start                 
abs   ffffffff  ___binit__                            
abs   ffffffff  ___c_args__                           
abs   ffffffff  ___etext__                            
abs   ffffffff  ___pinit__                            
abs   ffffffff  ___text__                             
abs   ffffffff  binit                                 
abs   ffffffff  etext                                 
abs   ffffffff  pinit                                 

[539 symbols]
